// Jest Snapshot v1, https://goo.gl/fbAQLP

exports[`Should correctly compile the view 1`] = `
Object {
  "template": Object {
    "hashKey": "dummyData",
    "src": "template.js",
    "type": "jade",
  },
}
`;

exports[`Should correctly compile the view 2`] = `"var oc=oc||{};oc.components=oc.components||{},oc.components[\\"dummyData\\"]=function(e){var o=[];return o.push(\\"<h1>\\"+jade.escape(null==\\"Hello jade!\\"?\\"\\":\\"Hello jade!\\")+\\"</h1><style>h1{color:red;font-size:100px}</style>\\"),o.join(\\"\\")};"`;
