// Jest Snapshot v1, https://goo.gl/fbAQLP

exports[`should return the correct info 1`] = `
Object {
  "externals": Array [
    Object {
      "global": "jade",
      "name": "jade",
      "url": "https://unpkg.com/oc-jade-legacy@1.11.1/runtime.js",
    },
  ],
  "type": "oc-template-jade",
}
`;
