// Jest Snapshot v1, https://goo.gl/fbAQLP

exports[`Should correctly compile the view 1`] = `
Object {
  "template": Object {
    "hashKey": "dummyData",
    "src": "template.js",
    "type": "handlebars",
  },
}
`;

exports[`Should correctly compile the view 2`] = `"var oc=oc||{};oc.components=oc.components||{},oc.components[\\"dummyData\\"]={compiler:[8,\\">= 4.3.0\\"],main:function(c,o,e,n,a){return\\"<h1>Hello handlebars!</h1>\\"},useData:!0};"`;

exports[`When compiled view writing fails should return error 1`] = `"template.hbs compilation failed - sorry I failed"`;

exports[`When view not found should return error 1`] = `"file not-found.hbs not found"`;

exports[`When view not valid should return error 1`] = `
"template.hbs compilation failed - Error: Parse error on line 1:
<h1>{{something</h1>
------^
Expecting 'ID', 'STRING', 'NUMBER', 'BOOLEAN', 'UNDEFINED', 'NULL', 'DATA', got 'INVALID'"
`;
