// Jest Snapshot v1, https://goo.gl/fbAQLP

exports[`Should correctly compile the server 1`] = `
Object {
  "hashKey": "71a1269026ed6dcc29299ed85a8a8bd5660723c3",
  "src": "server.js",
  "type": "node.js",
}
`;

exports[`Should correctly compile the server 2`] = `
"module.exports=function(e){function r(n){if(t[n])return t[n].exports;var u=t[n]={i:n,l:!1,exports:{}};return e[n].call(u.exports,u,u.exports,r),u.l=!0,u.exports}var t={};return r.m=e,r.c=t,r.i=function(e){return e},r.d=function(e,t,n){r.o(e,t)||Object.defineProperty(e,t,{configurable:!1,enumerable:!0,get:n})},r.n=function(e){var t=e&&e.__esModule?function(){return e.default}:function(){return e};return r.d(t,\\"a\\",t),t},r.o=function(e,r){return Object.prototype.hasOwnProperty.call(e,r)},r.p=\\"\\",r(r.s=1)}([function(e,r){e.exports=require(\\"lodash\\")},function(e,r,t){\\"use strict\\";Object.defineProperty(r,\\"__esModule\\",{value:!0}),t.d(r,\\"data\\",function(){return n});var n=(t(0),function(e,r){return r(null,{})})}]);
//# sourceMappingURL=server.js.map"
`;

exports[`When server writing fails should return error 1`] = `"sorry I failed"`;
