// Jest Snapshot v1, https://goo.gl/fbAQLP

exports[`infinite-loop-loader When invoked on a js file containing loops should wrap WhileStatement, ForStatement and DoWhileStatement correctly 1`] = `
"
module.exports.data = function(context, cb) {
  var x, y, z;

  
      var __ITER = 1000000000;
      while(true) { if (__ITER <= 0) {
        throw new Error(\\"Loop exceeded maximum allowed iterations\\");
      }
      __ITER--;
      
    x = 234;
  }

  
      var __ITER = 1000000000;
      for(var i = 0; i < 10; i++) { if (__ITER <= 0) {
        throw new Error(\\"Loop exceeded maximum allowed iterations\\");
      }
      __ITER--;
      
    y = 456;
  }

  
      var __ITER = 1000000000;
      do { if (__ITER <= 0) {
        throw new Error(\\"Loop exceeded maximum allowed iterations\\");
      }
      __ITER--;
      
    z = 342;
  } while(false);

  
      var __ITER = 1000000000;
      loopWhile:
  while(true) { if (__ITER <= 0) {
        throw new Error(\\"Loop exceeded maximum allowed iterations\\");
      }
      __ITER--;
      
    x = 234;
  }

  
      var __ITER = 1000000000;
      loopFor:
  for(var i = 0; i < 10; i++) { if (__ITER <= 0) {
        throw new Error(\\"Loop exceeded maximum allowed iterations\\");
      }
      __ITER--;
      
    y = 456;
  }

  
      var __ITER = 1000000000;
      loopDoWhile:
  do { if (__ITER <= 0) {
        throw new Error(\\"Loop exceeded maximum allowed iterations\\");
      }
      __ITER--;
      
    z = 342;
  } while(false);
  return cb(null, data)
};

//@ sourceMappingURL=data:application/json;base64,eyJ2ZXJzaW9uIjozLCJzb3VyY2VzIjpbImluLmpzIl0sIm5hbWVzIjpbXSwibWFwcGluZ3MiOiI7Ozs7RUFJRTtBQUFBO0FBQUE7QUFBQTtBQUFBO0FBQUE7QUFBQTtBQUFBO0FBQUEsRzs7RUFJQTtBQUFBO0FBQUE7QUFBQTtBQUFBO0FBQUE7QUFBQTtBQUFBO0FBQUEsRzs7RUFJQTtBQUFBO0FBQUE7QUFBQTtBQUFBO0FBQUE7QUFBQTtBQUFBO0FBQUEsaUI7O0VBSUE7QUFBQTtBQUFBO0FBQUE7QUFBQTtBQUFBO0FBQUE7QUFBQTtBQUFBO0FBQUEsRzs7RUFLQTtBQUFBO0FBQUE7QUFBQTtBQUFBO0FBQUE7QUFBQTtBQUFBO0FBQUE7QUFBQSxHOztFQUtBO0FBQUE7QUFBQTtBQUFBO0FBQUE7QUFBQTtBQUFBO0FBQUE7QUFBQTtBQUFBLGlCIiwiZmlsZSI6Im91dC5qcyIsInNvdXJjZXNDb250ZW50IjpbIlxubW9kdWxlLmV4cG9ydHMuZGF0YSA9IGZ1bmN0aW9uKGNvbnRleHQsIGNiKSB7XG4gIHZhciB4LCB5LCB6O1xuXG4gIHdoaWxlKHRydWUpIHtcbiAgICB4ID0gMjM0O1xuICB9XG5cbiAgZm9yKHZhciBpID0gMDsgaSA8IDEwOyBpKyspIHtcbiAgICB5ID0gNDU2O1xuICB9XG5cbiAgZG8ge1xuICAgIHogPSAzNDI7XG4gIH0gd2hpbGUoZmFsc2UpO1xuXG4gIGxvb3BXaGlsZTpcbiAgd2hpbGUodHJ1ZSkge1xuICAgIHggPSAyMzQ7XG4gIH1cblxuICBsb29wRm9yOlxuICBmb3IodmFyIGkgPSAwOyBpIDwgMTA7IGkrKykge1xuICAgIHkgPSA0NTY7XG4gIH1cblxuICBsb29wRG9XaGlsZTpcbiAgZG8ge1xuICAgIHogPSAzNDI7XG4gIH0gd2hpbGUoZmFsc2UpO1xuICByZXR1cm4gY2IobnVsbCwgZGF0YSlcbn07XG4iXX0=
"
`;
