// Jest Snapshot v1, https://goo.gl/fbAQLP

exports[`Registry should correctly serve rendered components 1`] = `"{\\"type\\":\\"oc-component-local\\",\\"version\\":\\"6.6.6\\",\\"requestVersion\\":\\"\\",\\"name\\":\\"base-component-handlebars\\",\\"renderMode\\":\\"rendered\\",\\"href\\":\\"http://localhost:3000/base-component-handlebars?name=SuperMario\\",\\"html\\":\\"<oc-component href=\\\\\\"http://localhost:3000/base-component-handlebars?name=SuperMario\\\\\\"  data-name=\\\\\\"base-component-handlebars\\\\\\" data-rendered=\\\\\\"true\\\\\\" data-version=\\\\\\"6.6.6\\\\\\"><div id=\\\\\\"base-component-handlebars\\\\\\">\\\\n  <img src=\\\\\\"http://localhost:3000/base-component-handlebars/6.6.6/static/img/logo.png\\\\\\" />\\\\n  <div>Hello SuperMario</div>\\\\n</div>\\\\n\\\\n<script>window.oc=window.oc||{};oc.renderedComponents=oc.renderedComponents||{};oc.renderedComponents[\\\\\\"base-component-handlebars\\\\\\"]=\\\\\\"6.6.6\\\\\\";</script></oc-component>\\"}"`;

exports[`Registry should correctly serve rendered components 2`] = `"{\\"type\\":\\"oc-component-local\\",\\"version\\":\\"6.6.6\\",\\"requestVersion\\":\\"\\",\\"name\\":\\"base-component-jade\\",\\"renderMode\\":\\"rendered\\",\\"href\\":\\"http://localhost:3000/base-component-jade?name=SuperMario\\",\\"html\\":\\"<oc-component href=\\\\\\"http://localhost:3000/base-component-jade?name=SuperMario\\\\\\"  data-name=\\\\\\"base-component-jade\\\\\\" data-rendered=\\\\\\"true\\\\\\" data-version=\\\\\\"6.6.6\\\\\\"><div id=\\\\\\"base-component-jade\\\\\\"><img src=\\\\\\"http://localhost:3000/base-component-jade/6.6.6/static/img/logo.png\\\\\\"/><div>Hello SuperMario</div></div><script>window.oc=window.oc||{};oc.renderedComponents=oc.renderedComponents||{};oc.renderedComponents[\\\\\\"base-component-jade\\\\\\"]=\\\\\\"6.6.6\\\\\\";</script></oc-component>\\"}"`;

exports[`Registry should correctly serve rendered components 3`] = `"{\\"type\\":\\"oc-component-local\\",\\"version\\":\\"6.6.6\\",\\"requestVersion\\":\\"\\",\\"name\\":\\"base-component-es6\\",\\"renderMode\\":\\"rendered\\",\\"href\\":\\"http://localhost:3000/base-component-es6?name=SuperMario\\",\\"html\\":\\"<oc-component href=\\\\\\"http://localhost:3000/base-component-es6?name=SuperMario\\\\\\"  data-name=\\\\\\"base-component-es6\\\\\\" data-rendered=\\\\\\"true\\\\\\" data-version=\\\\\\"6.6.6\\\\\\"><div id=\\\\\\"base-component-es6\\\\\\" class=awesome__2cThMnJY>\\\\n Hello SUPERMARIO!\\\\n <img src=\\\\\\"http://localhost:3000/base-component-es6/6.6.6/static/img/logo.png\\\\\\" />\\\\n </div><style>.awesome__2cThMnJY{font-family:\\\\\\"Hiragino Sans\\\\\\",\\\\\\"ヒラギノ角ゴシック\\\\\\",\\\\\\"Hiragino Kaku Gothic ProN\\\\\\",\\\\\\"ヒラギノ角ゴ ProN W3\\\\\\",Roboto,\\\\\\"Droid Sans\\\\\\",\\\\\\"游ゴシック\\\\\\",YuGothic,\\\\\\"メイリオ\\\\\\",Meiryo,sans-serif;background:#db7093}</style><script>window.oc = window.oc || {};oc.cmd = oc.cmd || [];oc.cmd.push(function(oc){oc.events.fire('oc:cssDidMount', '.awesome__2cThMnJY{font-family:\\\\\\"Hiragino Sans\\\\\\",\\\\\\"ヒラギノ角ゴシック\\\\\\",\\\\\\"Hiragino Kaku Gothic ProN\\\\\\",\\\\\\"ヒラギノ角ゴ ProN W3\\\\\\",Roboto,\\\\\\"Droid Sans\\\\\\",\\\\\\"游ゴシック\\\\\\",YuGothic,\\\\\\"メイリオ\\\\\\",Meiryo,sans-serif;background:#db7093}');});</script><script>window.oc=window.oc||{};oc.renderedComponents=oc.renderedComponents||{};oc.renderedComponents[\\\\\\"base-component-es6\\\\\\"]=\\\\\\"6.6.6\\\\\\";</script></oc-component>\\"}"`;

exports[`Registry should correctly serve unrendered components 1`] = `"{\\"type\\":\\"oc-component-local\\",\\"version\\":\\"6.6.6\\",\\"requestVersion\\":\\"\\",\\"name\\":\\"base-component-handlebars\\",\\"renderMode\\":\\"unrendered\\",\\"href\\":\\"http://localhost:3000/base-component-handlebars?name=SuperMario\\",\\"data\\":{\\"name\\":\\"SuperMario\\",\\"staticPath\\":\\"http://localhost:3000/base-component-handlebars/6.6.6/static/\\"},\\"template\\":{\\"src\\":\\"http://localhost:3000/base-component-handlebars/6.6.6/static/template.js\\",\\"type\\":\\"oc-template-handlebars\\",}}"`;

exports[`Registry should correctly serve unrendered components 2`] = `"{\\"type\\":\\"oc-component-local\\",\\"version\\":\\"6.6.6\\",\\"requestVersion\\":\\"\\",\\"name\\":\\"base-component-jade\\",\\"renderMode\\":\\"unrendered\\",\\"href\\":\\"http://localhost:3000/base-component-jade?name=SuperMario\\",\\"data\\":{\\"name\\":\\"SuperMario\\",\\"staticPath\\":\\"http://localhost:3000/base-component-jade/6.6.6/static/\\"},\\"template\\":{\\"src\\":\\"http://localhost:3000/base-component-jade/6.6.6/static/template.js\\",\\"type\\":\\"oc-template-jade\\",}}"`;

exports[`Registry should correctly serve unrendered components 3`] = `"{\\"type\\":\\"oc-component-local\\",\\"version\\":\\"6.6.6\\",\\"requestVersion\\":\\"\\",\\"name\\":\\"base-component-es6\\",\\"renderMode\\":\\"unrendered\\",\\"href\\":\\"http://localhost:3000/base-component-es6?name=SuperMario\\",\\"data\\":{\\"name\\":\\"SuperMario\\",\\"staticPath\\":\\"http://localhost:3000/base-component-es6/6.6.6/static/\\"},\\"template\\":{\\"src\\":\\"http://localhost:3000/base-component-es6/6.6.6/static/template.js\\",\\"type\\":\\"oc-template-es6\\",}}"`;

exports[`client-side-side rendering 1`] = `
<div
  id="base-component-handlebars"
>
  
  
  <img
    src="http://localhost:3000/base-component-handlebars/1.0.3/static/img/logo.png"
  />
  
  
  <div>
    Hello SuperMario
  </div>
  

</div>
`;

exports[`client-side-side rendering 2`] = `
<div
  id="base-component-jade"
>
  <img
    src="http://localhost:3000/base-component-jade/1.0.3/static/img/logo.png"
  />
  <div>
    Hello SuperMario
  </div>
</div>
`;

exports[`client-side-side rendering 3`] = `
<div
  class="awesome__2cThMnJY"
  id="base-component-es6"
>
  
 Hello SUPERMARIO!
 
  <img
    src="http://localhost:3000/base-component-es6/1.0.1/static/img/logo.png"
  />
  
 
</div>
`;

exports[`server-side-side rendering 1`] = `
"<!DOCTYPE html><html><head>
            <title>A page</title>
          </head>
          <body>
            <div id=\\"base-component-es6\\" class=\\"awesome__2cThMnJY\\">
 Hello SUPERMARIO!
 <img src=\\"http://localhost:3000/base-component-es6/6.6.6/static/img/logo.png\\">
 </div><style>.awesome__2cThMnJY{font-family:\\"Hiragino Sans\\",\\"ヒラギノ角ゴシック\\",\\"Hiragino Kaku Gothic ProN\\",\\"ヒラギノ角ゴ ProN W3\\",Roboto,\\"Droid Sans\\",\\"游ゴシック\\",YuGothic,\\"メイリオ\\",Meiryo,sans-serif;background:#db7093}</style><script>window.oc = window.oc || {};oc.cmd = oc.cmd || [];oc.cmd.push(function(oc){oc.events.fire('oc:cssDidMount', '.awesome__2cThMnJY{font-family:\\"Hiragino Sans\\",\\"ヒラギノ角ゴシック\\",\\"Hiragino Kaku Gothic ProN\\",\\"ヒラギノ角ゴ ProN W3\\",Roboto,\\"Droid Sans\\",\\"游ゴシック\\",YuGothic,\\"メイリオ\\",Meiryo,sans-serif;background:#db7093}');});</script><script>window.oc=window.oc||{};oc.renderedComponents=oc.renderedComponents||{};oc.renderedComponents[\\"base-component-es6\\"]=\\"6.6.6\\";</script>
            <div id=\\"base-component-handlebars\\">
  <img src=\\"http://localhost:3000/base-component-handlebars/6.6.6/static/img/logo.png\\">
  <div>Hello SuperMario</div>
</div>

<script>window.oc=window.oc||{};oc.renderedComponents=oc.renderedComponents||{};oc.renderedComponents[\\"base-component-handlebars\\"]=\\"6.6.6\\";</script>
            <div id=\\"base-component-jade\\"><img src=\\"http://localhost:3000/base-component-jade/6.6.6/static/img/logo.png\\"><div>Hello SuperMario</div></div><script>window.oc=window.oc||{};oc.renderedComponents=oc.renderedComponents||{};oc.renderedComponents[\\"base-component-jade\\"]=\\"6.6.6\\";</script>
            <script>window.oc=window.oc||{};oc.conf=oc.conf||{};oc.conf.templates=(oc.conf.templates||[]).concat([{\\"type\\":\\"oc-template-es6\\",\\"version\\":\\"6.6.6\\",\\"externals\\":[]},{\\"type\\":\\"oc-template-jade\\",\\"version\\":\\"6.6.6\\",\\"externals\\":[{\\"global\\":\\"jade\\",\\"url\\":\\"https://unpkg.com/jade-legacy@6.6.6/runtime.js\\",\\"name\\":\\"jade\\"}]},{\\"type\\":\\"oc-template-handlebars\\",\\"version\\":\\"6.6.6\\",\\"externals\\":[{\\"global\\":\\"Handlebars\\",\\"url\\":\\"https://unpkg.com/handlebars@6.6.6/dist/handlebars.runtime.min.js\\",\\"name\\":\\"handlebars\\"}]}]);</script><script src=\\"http://localhost:3000/oc-client/6.6.6/static/src/oc-client.min.js\\" type=\\"text/javascript\\"></script><script>window.oc=window.oc||{};oc.renderedComponents=oc.renderedComponents||{};oc.renderedComponents[\\"oc-client\\"]=\\"6.6.6\\";</script>
          
        
      </body></html>"
`;
